current directory: /home/luyoh/Desktop/Development/LiveLifeAPI/vendor/bundle/ruby/3.2.0/gems/io-console-0.7.2/ext/io/console
/usr/bin/ruby3.2 -I/usr/lib/ruby/vendor_ruby extconf.rb
checking for rb_io_path()... no
checking for rb_io_descriptor()... yes
checking for rb_io_get_write_io()... yes
checking for rb_io_closed_p()... no
checking for rb_io_open_descriptor()... no
checking for termios.h... yes
checking for cfmakeraw() in termios.h... yes
checking for sys/ioctl.h... yes
checking for HAVE_RUBY_FIBER_SCHEDULER_H... yes
creating Makefile

current directory: /home/luyoh/Desktop/Development/LiveLifeAPI/vendor/bundle/ruby/3.2.0/gems/io-console-0.7.2/ext/io/console
make DESTDIR\= sitearchdir\=./.gem.20241029-111577-pvxv4n sitelibdir\=./.gem.20241029-111577-pvxv4n clean

current directory: /home/luyoh/Desktop/Development/LiveLifeAPI/vendor/bundle/ruby/3.2.0/gems/io-console-0.7.2/ext/io/console
make DESTDIR\= sitearchdir\=./.gem.20241029-111577-pvxv4n sitelibdir\=./.gem.20241029-111577-pvxv4n
compiling console.c
linking shared-object io/console.so

current directory: /home/luyoh/Desktop/Development/LiveLifeAPI/vendor/bundle/ruby/3.2.0/gems/io-console-0.7.2/ext/io/console
make DESTDIR\= sitearchdir\=./.gem.20241029-111577-pvxv4n sitelibdir\=./.gem.20241029-111577-pvxv4n install
/usr/bin/install -c -m 0755 console.so ./.gem.20241029-111577-pvxv4n/io

current directory: /home/luyoh/Desktop/Development/LiveLifeAPI/vendor/bundle/ruby/3.2.0/gems/io-console-0.7.2/ext/io/console
make DESTDIR\= sitearchdir\=./.gem.20241029-111577-pvxv4n sitelibdir\=./.gem.20241029-111577-pvxv4n clean
